Component: ARM Compiler 5.06 update 5 (build 528) Tool: armlink [4d35e2]

==============================================================================

Section Cross References

    lcd.o(i.LCD_Conv_Char_Seg) refers to lcd.o(.constdata) for NumberMap
    lcd.o(i.LCD_DisplayString) refers to lcd.o(i.LCD_WriteChar) for LCD_WriteChar
    lcd.o(i.LCD_Initialization) refers to lcd.o(i.LCD_PIN_Init) for LCD_PIN_Init
    lcd.o(i.LCD_Initialization) refers to lcd.o(i.LCD_Clock_Init) for LCD_Clock_Init
    lcd.o(i.LCD_Initialization) refers to lcd.o(i.LCD_Configure) for LCD_Configure
    lcd.o(i.LCD_Initialization) refers to lcd.o(i.LCD_Clear) for LCD_Clear
    lcd.o(i.LCD_WriteChar) refers to lcd.o(i.LCD_Conv_Char_Seg) for LCD_Conv_Char_Seg
    lcd.o(i.LCD_bar) refers to lcd.o(.data) for t_bar
    main.o(i.EXTI0_IRQHandler) refers to main.o(i.PrepCountDown) for PrepCountDown
    main.o(i.EXTI0_IRQHandler) refers to wiring.o(i.SetAcknowledgeWireOutput) for SetAcknowledgeWireOutput
    main.o(i.EXTI0_IRQHandler) refers to wiring.o(i.SetLoseOutput) for SetLoseOutput
    main.o(i.EXTI0_IRQHandler) refers to main.o(i.Gen2PEndlessInputs) for Gen2PEndlessInputs
    main.o(i.EXTI0_IRQHandler) refers to main.o(i.TransmitInputs) for TransmitInputs
    main.o(i.EXTI0_IRQHandler) refers to wiring.o(i.SetModeOutput) for SetModeOutput
    main.o(i.EXTI0_IRQHandler) refers to wiring.o(i.ToggleAcknowledgeWireOutput) for ToggleAcknowledgeWireOutput
    main.o(i.EXTI0_IRQHandler) refers to wiring.o(i.DependentWireSetup) for DependentWireSetup
    main.o(i.EXTI0_IRQHandler) refers to main.o(i.PrepMenu) for PrepMenu
    main.o(i.EXTI0_IRQHandler) refers to main.o(.data) for GameState
    main.o(i.EXTI1_IRQHandler) refers to main.o(.data) for GameState
    main.o(i.EXTI1_IRQHandler) refers to main.o(.bss) for inputs
    main.o(i.EXTI2_IRQHandler) refers to main.o(.data) for GameState
    main.o(i.EXTI2_IRQHandler) refers to main.o(.bss) for inputs
    main.o(i.EXTI3_IRQHandler) refers to simonbase.o(i.resetString) for resetString
    main.o(i.EXTI3_IRQHandler) refers to main.o(.data) for GameState
    main.o(i.EXTI3_IRQHandler) refers to main.o(.bss) for inputs
    main.o(i.EXTI9_5_IRQHandler) refers to simonbase.o(i.resetString) for resetString
    main.o(i.EXTI9_5_IRQHandler) refers to main.o(.data) for GameState
    main.o(i.EXTI9_5_IRQHandler) refers to main.o(.bss) for inputs
    main.o(i.Gen2PEndlessInputs) refers to simonbase.o(i.genInputNoDisplay) for genInputNoDisplay
    main.o(i.Gen2PEndlessInputs) refers to main.o(.data) for lives
    main.o(i.Gen2PEndlessInputs) refers to main.o(.bss) for inputs
    main.o(i.OnePInit) refers to simonbase.o(i.resetString) for resetString
    main.o(i.OnePInit) refers to main.o(.data) for count
    main.o(i.PrepCountDown) refers to main.o(.data) for countDownCountLim
    main.o(i.PrepIDSel) refers to main.o(.data) for menuCountLim
    main.o(i.PrepMenu) refers to simonbase.o(i.resetString) for resetString
    main.o(i.PrepMenu) refers to main.o(.data) for menuCountLim
    main.o(i.ResetEnums) refers to main.o(.data) for GameState
    main.o(i.TIM2_IRQHandler) refers to wiring.o(i.GetLoseInput) for GetLoseInput
    main.o(i.TIM2_IRQHandler) refers to wiring.o(i.SetLoseOutput) for SetLoseOutput
    main.o(i.TIM2_IRQHandler) refers to wiring.o(i.GetModeInput) for GetModeInput
    main.o(i.TIM2_IRQHandler) refers to main.o(i.TransmitInputs) for TransmitInputs
    main.o(i.TIM2_IRQHandler) refers to main.o(i.PrepCountDown) for PrepCountDown
    main.o(i.TIM2_IRQHandler) refers to wiring.o(i.SetAcknowledgeWireOutput) for SetAcknowledgeWireOutput
    main.o(i.TIM2_IRQHandler) refers to lcd.o(i.LCD_DisplayString) for LCD_DisplayString
    main.o(i.TIM2_IRQHandler) refers to simonbase.o(i.rotateString) for rotateString
    main.o(i.TIM2_IRQHandler) refers to main.o(i.OnePInit) for OnePInit
    main.o(i.TIM2_IRQHandler) refers to simonbase.o(i.genInput) for genInput
    main.o(i.TIM2_IRQHandler) refers to main.o(i.TwoPInit) for TwoPInit
    main.o(i.TIM2_IRQHandler) refers to main.o(i.VSInit) for VSInit
    main.o(i.TIM2_IRQHandler) refers to wiring.o(i.GetAcknowledgeWireInput) for GetAcknowledgeWireInput
    main.o(i.TIM2_IRQHandler) refers to wiring.o(i.DependentWireSetup) for DependentWireSetup
    main.o(i.TIM2_IRQHandler) refers to main.o(i.PrepMenu) for PrepMenu
    main.o(i.TIM2_IRQHandler) refers to main.o(.data) for inputsInitialized
    main.o(i.TIM2_IRQHandler) refers to simonbase.o(i.DisplayDesiredInput) for DisplayDesiredInput
    main.o(i.TIM2_IRQHandler) refers to wiring.o(i.ToggleAcknowledgeWireOutput) for ToggleAcknowledgeWireOutput
    main.o(i.TIM2_IRQHandler) refers to main.o(.bss) for inputs
    main.o(i.TransmitInputs) refers to wiring.o(i.GetAcknowledgeWireInput) for GetAcknowledgeWireInput
    main.o(i.TransmitInputs) refers to simonbase.o(i.sendInput) for sendInput
    main.o(i.TransmitInputs) refers to wiring.o(i.ToggleAcknowledgeWireOutput) for ToggleAcknowledgeWireOutput
    main.o(i.TransmitInputs) refers to simonbase.o(i.receiveInput) for receiveInput
    main.o(i.TransmitInputs) refers to wiring.o(i.SetAcknowledgeWireOutput) for SetAcknowledgeWireOutput
    main.o(i.TransmitInputs) refers to main.o(.data) for PlayerID
    main.o(i.TransmitInputs) refers to main.o(.bss) for inputs
    main.o(i.TwoPInit) refers to simonbase.o(i.resetString) for resetString
    main.o(i.TwoPInit) refers to simonbase.o(i.DisplayDesiredInput) for DisplayDesiredInput
    main.o(i.TwoPInit) refers to main.o(.data) for count
    main.o(i.TwoPInit) refers to main.o(.bss) for inputs
    main.o(i.VSInit) refers to simonbase.o(i.resetString) for resetString
    main.o(i.VSInit) refers to simonbase.o(i.DisplayDesiredInput) for DisplayDesiredInput
    main.o(i.VSInit) refers to main.o(.data) for count
    main.o(i.VSInit) refers to main.o(.bss) for inputs
    main.o(i.main) refers to lcd.o(i.LCD_Initialization) for LCD_Initialization
    main.o(i.main) refers to simonbase.o(i.JoystickInit) for JoystickInit
    main.o(i.main) refers to lcd.o(i.LCD_Clear) for LCD_Clear
    main.o(i.main) refers to main.o(i.enableTIM2) for enableTIM2
    main.o(i.main) refers to wiring.o(i.TestWireInit) for TestWireInit
    main.o(i.main) refers to wiring.o(i.LoseWireInit) for LoseWireInit
    main.o(i.main) refers to wiring.o(i.AcknowledgeWireInit) for AcknowledgeWireInit
    main.o(i.main) refers to wiring.o(i.GetAcknowledgeWireInput) for GetAcknowledgeWireInput
    main.o(i.main) refers to main.o(i.PrepIDSel) for PrepIDSel
    main.o(i.main) refers to main.o(.data) for prevAckVal
    startup_stm32l476xx.o(STACK) refers (Special) to heapauxi.o(.text) for __use_two_region_memory
    startup_stm32l476xx.o(HEAP) refers (Special) to heapauxi.o(.text) for __use_two_region_memory
    startup_stm32l476xx.o(RESET) refers (Special) to heapauxi.o(.text) for __use_two_region_memory
    startup_stm32l476xx.o(RESET) refers to startup_stm32l476xx.o(STACK) for __initial_sp
    startup_stm32l476xx.o(RESET) refers to startup_stm32l476xx.o(.text) for Reset_Handler
    startup_stm32l476xx.o(RESET) refers to main.o(i.EXTI0_IRQHandler) for EXTI0_IRQHandler
    startup_stm32l476xx.o(RESET) refers to main.o(i.EXTI1_IRQHandler) for EXTI1_IRQHandler
    startup_stm32l476xx.o(RESET) refers to main.o(i.EXTI2_IRQHandler) for EXTI2_IRQHandler
    startup_stm32l476xx.o(RESET) refers to main.o(i.EXTI3_IRQHandler) for EXTI3_IRQHandler
    startup_stm32l476xx.o(RESET) refers to main.o(i.EXTI9_5_IRQHandler) for EXTI9_5_IRQHandler
    startup_stm32l476xx.o(RESET) refers to main.o(i.TIM2_IRQHandler) for TIM2_IRQHandler
    startup_stm32l476xx.o(.text) refers (Special) to heapauxi.o(.text) for __use_two_region_memory
    startup_stm32l476xx.o(.text) refers to __main.o(!!!main) for __main
    startup_stm32l476xx.o(.text) refers to startup_stm32l476xx.o(HEAP) for Heap_Mem
    startup_stm32l476xx.o(.text) refers to startup_stm32l476xx.o(STACK) for Stack_Mem
    simonbase.o(i.DisplayDesiredInput) refers to simonbase.o(i.updateLCDandBars) for updateLCDandBars
    simonbase.o(i.JoystickInit) refers to simonbase.o(i.__NVIC_SetPriority) for __NVIC_SetPriority
    simonbase.o(i.JoystickInit) refers to simonbase.o(i.__NVIC_EnableIRQ) for __NVIC_EnableIRQ
    simonbase.o(i.genInput) refers to rand.o(.emb_text) for rand
    simonbase.o(i.genInput) refers to simonbase.o(i.updateLCDandBars) for updateLCDandBars
    simonbase.o(i.genInputNoDisplay) refers to rand.o(.emb_text) for rand
    simonbase.o(i.receiveInput) refers to wiring.o(i.ReadInputWire) for ReadInputWire
    simonbase.o(i.receiveInput) refers to lcd.o(i.LCD_DisplayString) for LCD_DisplayString
    simonbase.o(i.updateLCDandBars) refers to lcd.o(i.LCD_DisplayString) for LCD_DisplayString
    wiring.o(i.DependentWireSetup) refers to wiring.o(i.InputTransmitWireInit) for InputTransmitWireInit
    wiring.o(i.DependentWireSetup) refers to wiring.o(i.ModeWireInit) for ModeWireInit
    rand.o(.emb_text) refers (Special) to libinit2.o(.ARM.Collect$$libinit$$0000000D) for __rt_lib_init_rand_2
    rand.o(.emb_text) refers to rand.o(.text) for _rand_init
    rand.o(.emb_text) refers to rand.o(.bss) for _random_number_data
    rand.o(.text) refers (Special) to libinit2.o(.ARM.Collect$$libinit$$0000000D) for __rt_lib_init_rand_2
    rand.o(.text) refers to rand.o(.bss) for .bss
    rand.o(.bss) refers (Special) to libinit2.o(.ARM.Collect$$libinit$$0000000D) for __rt_lib_init_rand_2
    __main.o(!!!main) refers to __rtentry.o(.ARM.Collect$$rtentry$$00000000) for __rt_entry
    __rtentry.o(.ARM.Collect$$rtentry$$00000000) refers (Special) to __rtentry2.o(.ARM.Collect$$rtentry$$0000000A) for __rt_entry_li
    __rtentry.o(.ARM.Collect$$rtentry$$00000000) refers (Special) to __rtentry2.o(.ARM.Collect$$rtentry$$0000000D) for __rt_entry_main
    __rtentry.o(.ARM.Collect$$rtentry$$00000000) refers (Special) to __rtentry2.o(.ARM.Collect$$rtentry$$0000000C) for __rt_entry_postli_1
    __rtentry.o(.ARM.Collect$$rtentry$$00000000) refers (Special) to __rtentry2.o(.ARM.Collect$$rtentry$$00000009) for __rt_entry_postsh_1
    __rtentry.o(.ARM.Collect$$rtentry$$00000000) refers (Special) to __rtentry2.o(.ARM.Collect$$rtentry$$00000002) for __rt_entry_presh_1
    __rtentry.o(.ARM.Collect$$rtentry$$00000000) refers (Special) to __rtentry4.o(.ARM.Collect$$rtentry$$00000004) for __rt_entry_sh
    libinit2.o(.ARM.Collect$$libinit$$00000001) refers to fpinit.o(x$fpl$fpinit) for _fp_init
    libinit2.o(.ARM.Collect$$libinit$$0000000D) refers (Weak) to rand.o(.text) for _rand_init
    libinit2.o(.ARM.Collect$$libinit$$00000010) refers to libinit2.o(.ARM.Collect$$libinit$$0000000F) for .ARM.Collect$$libinit$$0000000F
    libinit2.o(.ARM.Collect$$libinit$$00000012) refers to libinit2.o(.ARM.Collect$$libinit$$0000000F) for .ARM.Collect$$libinit$$0000000F
    libinit2.o(.ARM.Collect$$libinit$$00000014) refers to libinit2.o(.ARM.Collect$$libinit$$0000000F) for .ARM.Collect$$libinit$$0000000F
    libinit2.o(.ARM.Collect$$libinit$$00000016) refers to libinit2.o(.ARM.Collect$$libinit$$0000000F) for .ARM.Collect$$libinit$$0000000F
    libinit2.o(.ARM.Collect$$libinit$$00000018) refers to libinit2.o(.ARM.Collect$$libinit$$0000000F) for .ARM.Collect$$libinit$$0000000F
    libinit2.o(.ARM.Collect$$libinit$$00000026) refers to argv_veneer.o(.emb_text) for __ARM_argv_veneer
    libinit2.o(.ARM.Collect$$libinit$$00000027) refers to argv_veneer.o(.emb_text) for __ARM_argv_veneer
    __rtentry2.o(.ARM.Collect$$rtentry$$00000008) refers to boardinit2.o(.text) for _platform_post_stackheap_init
    __rtentry2.o(.ARM.Collect$$rtentry$$0000000A) refers to libinit.o(.ARM.Collect$$libinit$$00000000) for __rt_lib_init
    __rtentry2.o(.ARM.Collect$$rtentry$$0000000B) refers to boardinit3.o(.text) for _platform_post_lib_init
    __rtentry2.o(.ARM.Collect$$rtentry$$0000000D) refers to main.o(i.main) for main
    __rtentry2.o(.ARM.Collect$$rtentry$$0000000D) refers to exit.o(.text) for exit
    __rtentry2.o(.ARM.exidx) refers to __rtentry2.o(.ARM.Collect$$rtentry$$00000001) for .ARM.Collect$$rtentry$$00000001
    __rtentry2.o(.ARM.exidx) refers to __rtentry2.o(.ARM.Collect$$rtentry$$00000008) for .ARM.Collect$$rtentry$$00000008
    __rtentry2.o(.ARM.exidx) refers to __rtentry2.o(.ARM.Collect$$rtentry$$0000000A) for .ARM.Collect$$rtentry$$0000000A
    __rtentry2.o(.ARM.exidx) refers to __rtentry2.o(.ARM.Collect$$rtentry$$0000000B) for .ARM.Collect$$rtentry$$0000000B
    __rtentry2.o(.ARM.exidx) refers to __rtentry2.o(.ARM.Collect$$rtentry$$0000000D) for .ARM.Collect$$rtentry$$0000000D
    __rtentry4.o(.ARM.Collect$$rtentry$$00000004) refers to sys_stackheap_outer.o(.text) for __user_setup_stackheap
    __rtentry4.o(.ARM.exidx) refers to __rtentry4.o(.ARM.Collect$$rtentry$$00000004) for .ARM.Collect$$rtentry$$00000004
    argv_veneer.o(.emb_text) refers to no_argv.o(.text) for __ARM_get_argv
    sys_stackheap_outer.o(.text) refers to libspace.o(.text) for __user_perproc_libspace
    sys_stackheap_outer.o(.text) refers to startup_stm32l476xx.o(.text) for __user_initial_stackheap
    exit.o(.text) refers to rtexit.o(.ARM.Collect$$rtexit$$00000000) for __rt_exit
    _get_argv_nomalloc.o(.text) refers (Special) to hrguard.o(.text) for __heap_region$guard
    _get_argv_nomalloc.o(.text) refers to defsig_rtmem_outer.o(.text) for __rt_SIGRTMEM
    _get_argv_nomalloc.o(.text) refers to sys_command.o(.text) for _sys_command_string
    libinit.o(.ARM.Collect$$libinit$$00000000) refers (Special) to libinit2.o(.ARM.Collect$$libinit$$0000002E) for __rt_lib_init_alloca_1
    libinit.o(.ARM.Collect$$libinit$$00000000) refers (Special) to libinit2.o(.ARM.Collect$$libinit$$0000002C) for __rt_lib_init_argv_1
    libinit.o(.ARM.Collect$$libinit$$00000000) refers (Special) to libinit2.o(.ARM.Collect$$libinit$$0000001B) for __rt_lib_init_atexit_1
    libinit.o(.ARM.Collect$$libinit$$00000000) refers (Special) to libinit2.o(.ARM.Collect$$libinit$$00000021) for __rt_lib_init_clock_1
    libinit.o(.ARM.Collect$$libinit$$00000000) refers (Special) to libinit2.o(.ARM.Collect$$libinit$$00000032) for __rt_lib_init_cpp_1
    libinit.o(.ARM.Collect$$libinit$$00000000) refers (Special) to libinit2.o(.ARM.Collect$$libinit$$00000030) for __rt_lib_init_exceptions_1
    libinit.o(.ARM.Collect$$libinit$$00000000) refers (Special) to libinit2.o(.ARM.Collect$$libinit$$00000001) for __rt_lib_init_fp_1
    libinit.o(.ARM.Collect$$libinit$$00000000) refers (Special) to libinit2.o(.ARM.Collect$$libinit$$0000001F) for __rt_lib_init_fp_trap_1
    libinit.o(.ARM.Collect$$libinit$$00000000) refers (Special) to libinit2.o(.ARM.Collect$$libinit$$00000023) for __rt_lib_init_getenv_1
    libinit.o(.ARM.Collect$$libinit$$00000000) refers (Special) to libinit2.o(.ARM.Collect$$libinit$$0000000A) for __rt_lib_init_heap_1
    libinit.o(.ARM.Collect$$libinit$$00000000) refers (Special) to libinit2.o(.ARM.Collect$$libinit$$00000011) for __rt_lib_init_lc_collate_1
    libinit.o(.ARM.Collect$$libinit$$00000000) refers (Special) to libinit2.o(.ARM.Collect$$libinit$$00000013) for __rt_lib_init_lc_ctype_1
    libinit.o(.ARM.Collect$$libinit$$00000000) refers (Special) to libinit2.o(.ARM.Collect$$libinit$$00000015) for __rt_lib_init_lc_monetary_1
    libinit.o(.ARM.Collect$$libinit$$00000000) refers (Special) to libinit2.o(.ARM.Collect$$libinit$$00000017) for __rt_lib_init_lc_numeric_1
    libinit.o(.ARM.Collect$$libinit$$00000000) refers (Special) to libinit2.o(.ARM.Collect$$libinit$$00000019) for __rt_lib_init_lc_time_1
    libinit.o(.ARM.Collect$$libinit$$00000000) refers (Special) to libinit2.o(.ARM.Collect$$libinit$$00000004) for __rt_lib_init_preinit_1
    libinit.o(.ARM.Collect$$libinit$$00000000) refers (Special) to libinit2.o(.ARM.Collect$$libinit$$0000000E) for __rt_lib_init_rand_1
    libinit.o(.ARM.Collect$$libinit$$00000000) refers (Special) to libinit2.o(.ARM.Collect$$libinit$$00000033) for __rt_lib_init_return
    libinit.o(.ARM.Collect$$libinit$$00000000) refers (Special) to libinit2.o(.ARM.Collect$$libinit$$0000001D) for __rt_lib_init_signal_1
    libinit.o(.ARM.Collect$$libinit$$00000000) refers (Special) to libinit2.o(.ARM.Collect$$libinit$$00000025) for __rt_lib_init_stdio_1
    libinit.o(.ARM.Collect$$libinit$$00000000) refers (Special) to libinit2.o(.ARM.Collect$$libinit$$0000000C) for __rt_lib_init_user_alloc_1
    sys_command.o(.text) refers (Special) to use_no_semi.o(.text) for __I$use$semihosting
    sys_command.o(.text) refers (Special) to indicate_semi.o(.text) for __semihosting_library_function
    libspace.o(.text) refers to libspace.o(.bss) for __libspace_start
    rtexit.o(.ARM.Collect$$rtexit$$00000000) refers (Special) to rtexit2.o(.ARM.Collect$$rtexit$$00000004) for __rt_exit_exit
    rtexit.o(.ARM.Collect$$rtexit$$00000000) refers (Special) to rtexit2.o(.ARM.Collect$$rtexit$$00000003) for __rt_exit_ls
    rtexit.o(.ARM.Collect$$rtexit$$00000000) refers (Special) to rtexit2.o(.ARM.Collect$$rtexit$$00000002) for __rt_exit_prels_1
    rtexit.o(.ARM.exidx) refers (Special) to rtexit2.o(.ARM.Collect$$rtexit$$00000004) for __rt_exit_exit
    rtexit.o(.ARM.exidx) refers (Special) to rtexit2.o(.ARM.Collect$$rtexit$$00000003) for __rt_exit_ls
    rtexit.o(.ARM.exidx) refers (Special) to rtexit2.o(.ARM.Collect$$rtexit$$00000002) for __rt_exit_prels_1
    rtexit.o(.ARM.exidx) refers to rtexit.o(.ARM.Collect$$rtexit$$00000000) for .ARM.Collect$$rtexit$$00000000
    defsig_rtmem_outer.o(.text) refers to defsig_rtmem_inner.o(.text) for __rt_SIGRTMEM_inner
    defsig_rtmem_outer.o(.text) refers to defsig_exit.o(.text) for __sig_exit
    defsig_rtmem_formal.o(.text) refers to rt_raise.o(.text) for __rt_raise
    rtexit2.o(.ARM.Collect$$rtexit$$00000003) refers to libshutdown.o(.ARM.Collect$$libshutdown$$00000000) for __rt_lib_shutdown
    rtexit2.o(.ARM.Collect$$rtexit$$00000004) refers to sys_exit.o(.text) for _sys_exit
    rtexit2.o(.ARM.exidx) refers to rtexit2.o(.ARM.Collect$$rtexit$$00000001) for .ARM.Collect$$rtexit$$00000001
    rtexit2.o(.ARM.exidx) refers to rtexit2.o(.ARM.Collect$$rtexit$$00000003) for .ARM.Collect$$rtexit$$00000003
    rtexit2.o(.ARM.exidx) refers to rtexit2.o(.ARM.Collect$$rtexit$$00000004) for .ARM.Collect$$rtexit$$00000004
    rt_raise.o(.text) refers to __raise.o(.text) for __raise
    rt_raise.o(.text) refers to sys_exit.o(.text) for _sys_exit
    defsig_exit.o(.text) refers to sys_exit.o(.text) for _sys_exit
    defsig_rtmem_inner.o(.text) refers to defsig_general.o(.text) for __default_signal_display
    sys_exit.o(.text) refers (Special) to use_no_semi.o(.text) for __I$use$semihosting
    sys_exit.o(.text) refers (Special) to indicate_semi.o(.text) for __semihosting_library_function
    __raise.o(.text) refers to defsig.o(CL$$defsig) for __default_signal_handler
    defsig_general.o(.text) refers to sys_wrch.o(.text) for _ttywrch
    libshutdown.o(.ARM.Collect$$libshutdown$$00000000) refers (Special) to libshutdown2.o(.ARM.Collect$$libshutdown$$00000002) for __rt_lib_shutdown_cpp_1
    libshutdown.o(.ARM.Collect$$libshutdown$$00000000) refers (Special) to libshutdown2.o(.ARM.Collect$$libshutdown$$00000007) for __rt_lib_shutdown_fp_trap_1
    libshutdown.o(.ARM.Collect$$libshutdown$$00000000) refers (Special) to libshutdown2.o(.ARM.Collect$$libshutdown$$0000000F) for __rt_lib_shutdown_heap_1
    libshutdown.o(.ARM.Collect$$libshutdown$$00000000) refers (Special) to libshutdown2.o(.ARM.Collect$$libshutdown$$00000010) for __rt_lib_shutdown_return
    libshutdown.o(.ARM.Collect$$libshutdown$$00000000) refers (Special) to libshutdown2.o(.ARM.Collect$$libshutdown$$0000000A) for __rt_lib_shutdown_signal_1
    libshutdown.o(.ARM.Collect$$libshutdown$$00000000) refers (Special) to libshutdown2.o(.ARM.Collect$$libshutdown$$00000004) for __rt_lib_shutdown_stdio_1
    libshutdown.o(.ARM.Collect$$libshutdown$$00000000) refers (Special) to libshutdown2.o(.ARM.Collect$$libshutdown$$0000000C) for __rt_lib_shutdown_user_alloc_1
    sys_wrch.o(.text) refers (Special) to use_no_semi.o(.text) for __I$use$semihosting
    sys_wrch.o(.text) refers (Special) to indicate_semi.o(.text) for __semihosting_library_function
    defsig.o(CL$$defsig) refers to defsig_rtmem_inner.o(.text) for __rt_SIGRTMEM_inner
    defsig_abrt_inner.o(.text) refers to defsig_general.o(.text) for __default_signal_display
    defsig_fpe_inner.o(.text) refers to defsig_general.o(.text) for __default_signal_display
    defsig_rtred_inner.o(.text) refers to defsig_general.o(.text) for __default_signal_display
    defsig_stak_inner.o(.text) refers to defsig_general.o(.text) for __default_signal_display
    defsig_pvfn_inner.o(.text) refers to defsig_general.o(.text) for __default_signal_display
    defsig_cppl_inner.o(.text) refers to defsig_general.o(.text) for __default_signal_display
    defsig_segv_inner.o(.text) refers to defsig_general.o(.text) for __default_signal_display
    defsig_other.o(.text) refers to defsig_general.o(.text) for __default_signal_display


==============================================================================

Removing Unused input sections from the image.

    Removing lcd.o(.rev16_text), (4 bytes).
    Removing lcd.o(.revsh_text), (4 bytes).
    Removing lcd.o(.rrx_text), (6 bytes).
    Removing lcd.o(i.LCD_DisplayName), (148 bytes).
    Removing lcd.o(i.LCD_bar), (192 bytes).
    Removing lcd.o(.data), (2 bytes).
    Removing main.o(.rev16_text), (4 bytes).
    Removing main.o(.revsh_text), (4 bytes).
    Removing main.o(.rrx_text), (6 bytes).
    Removing main.o(i.ResetEnums), (44 bytes).
    Removing main.o(.constdata), (48 bytes).
    Removing simonbase.o(.rev16_text), (4 bytes).
    Removing simonbase.o(.revsh_text), (4 bytes).
    Removing simonbase.o(.rrx_text), (6 bytes).
    Removing wiring.o(.rev16_text), (4 bytes).
    Removing wiring.o(.revsh_text), (4 bytes).
    Removing wiring.o(.rrx_text), (6 bytes).

17 unused section(s) (total 490 bytes) removed from the image.

==============================================================================

Image Symbol Table

    Local Symbols

    Symbol Name                              Value     Ov Type        Size  Object(Section)

    ../clib/angel/boardlib.s                 0x00000000   Number         0  boardinit1.o ABSOLUTE
    ../clib/angel/boardlib.s                 0x00000000   Number         0  boardinit2.o ABSOLUTE
    ../clib/angel/boardlib.s                 0x00000000   Number         0  boardshut.o ABSOLUTE
    ../clib/angel/boardlib.s                 0x00000000   Number         0  boardinit3.o ABSOLUTE
    ../clib/angel/dczerorl2.s                0x00000000   Number         0  __dczerorl2.o ABSOLUTE
    ../clib/angel/handlers.s                 0x00000000   Number         0  __scatter_zi.o ABSOLUTE
    ../clib/angel/kernel.s                   0x00000000   Number         0  rtexit.o ABSOLUTE
    ../clib/angel/kernel.s                   0x00000000   Number         0  rtexit2.o ABSOLUTE
    ../clib/angel/kernel.s                   0x00000000   Number         0  __rtentry4.o ABSOLUTE
    ../clib/angel/kernel.s                   0x00000000   Number         0  __rtentry.o ABSOLUTE
    ../clib/angel/kernel.s                   0x00000000   Number         0  __rtentry2.o ABSOLUTE
    ../clib/angel/rt.s                       0x00000000   Number         0  rt_raise.o ABSOLUTE
    ../clib/angel/scatter.s                  0x00000000   Number         0  __scatter.o ABSOLUTE
    ../clib/angel/startup.s                  0x00000000   Number         0  __main.o ABSOLUTE
    ../clib/angel/sys.s                      0x00000000   Number         0  use_no_semi.o ABSOLUTE
    ../clib/angel/sys.s                      0x00000000   Number         0  indicate_semi.o ABSOLUTE
    ../clib/angel/sys.s                      0x00000000   Number         0  sys_stackheap_outer.o ABSOLUTE
    ../clib/angel/sys.s                      0x00000000   Number         0  libspace.o ABSOLUTE
    ../clib/angel/sysapp.c                   0x00000000   Number         0  sys_command.o ABSOLUTE
    ../clib/angel/sysapp.c                   0x00000000   Number         0  sys_wrch.o ABSOLUTE
    ../clib/angel/sysapp.c                   0x00000000   Number         0  sys_exit.o ABSOLUTE
    ../clib/armsys.c                         0x00000000   Number         0  argv_veneer.o ABSOLUTE
    ../clib/armsys.c                         0x00000000   Number         0  _get_argv_nomalloc.o ABSOLUTE
    ../clib/armsys.c                         0x00000000   Number         0  no_argv.o ABSOLUTE
    ../clib/armsys.c                         0x00000000   Number         0  argv_veneer.o ABSOLUTE
    ../clib/heapalloc.c                      0x00000000   Number         0  hrguard.o ABSOLUTE
    ../clib/heapaux.c                        0x00000000   Number         0  heapauxi.o ABSOLUTE
    ../clib/libinit.s                        0x00000000   Number         0  libinit.o ABSOLUTE
    ../clib/libinit.s                        0x00000000   Number         0  libshutdown.o ABSOLUTE
    ../clib/libinit.s                        0x00000000   Number         0  libinit2.o ABSOLUTE
    ../clib/libinit.s                        0x00000000   Number         0  libshutdown2.o ABSOLUTE
    ../clib/signal.c                         0x00000000   Number         0  defsig_general.o ABSOLUTE
    ../clib/signal.c                         0x00000000   Number         0  defsig_other.o ABSOLUTE
    ../clib/signal.c                         0x00000000   Number         0  defsig_segv_inner.o ABSOLUTE
    ../clib/signal.c                         0x00000000   Number         0  defsig_rtred_inner.o ABSOLUTE
    ../clib/signal.c                         0x00000000   Number         0  defsig_rtmem_outer.o ABSOLUTE
    ../clib/signal.c                         0x00000000   Number         0  defsig_rtmem_formal.o ABSOLUTE
    ../clib/signal.c                         0x00000000   Number         0  defsig_cppl_inner.o ABSOLUTE
    ../clib/signal.c                         0x00000000   Number         0  defsig_pvfn_inner.o ABSOLUTE
    ../clib/signal.c                         0x00000000   Number         0  defsig_abrt_inner.o ABSOLUTE
    ../clib/signal.c                         0x00000000   Number         0  defsig_rtmem_inner.o ABSOLUTE
    ../clib/signal.c                         0x00000000   Number         0  defsig_stak_inner.o ABSOLUTE
    ../clib/signal.c                         0x00000000   Number         0  defsig_fpe_inner.o ABSOLUTE
    ../clib/signal.c                         0x00000000   Number         0  __raise.o ABSOLUTE
    ../clib/signal.c                         0x00000000   Number         0  defsig_exit.o ABSOLUTE
    ../clib/signal.s                         0x00000000   Number         0  defsig.o ABSOLUTE
    ../clib/stdlib.c                         0x00000000   Number         0  rand.o ABSOLUTE
    ../clib/stdlib.c                         0x00000000   Number         0  rand.o ABSOLUTE
    ../clib/stdlib.c                         0x00000000   Number         0  exit.o ABSOLUTE
    ../fplib/fpinit.s                        0x00000000   Number         0  fpinit.o ABSOLUTE
    LCD.c                                    0x00000000   Number         0  lcd.o ABSOLUTE
    LCD.c                                    0x00000000   Number         0  lcd.o ABSOLUTE
    dc.s                                     0x00000000   Number         0  dc.o ABSOLUTE
    main.c                                   0x00000000   Number         0  main.o ABSOLUTE
    main.c                                   0x00000000   Number         0  main.o ABSOLUTE
    simonBase.c                              0x00000000   Number         0  simonbase.o ABSOLUTE
    simonBase.c                              0x00000000   Number         0  simonbase.o ABSOLUTE
    startup_stm32l476xx.s                    0x00000000   Number         0  startup_stm32l476xx.o ABSOLUTE
    wiring.c                                 0x00000000   Number         0  wiring.o ABSOLUTE
    wiring.c                                 0x00000000   Number         0  wiring.o ABSOLUTE
    RESET                                    0x08000000   Section      392  startup_stm32l476xx.o(RESET)
    !!!main                                  0x08000188   Section        8  __main.o(!!!main)
    !!!scatter                               0x08000190   Section       52  __scatter.o(!!!scatter)
    !!dczerorl2                              0x080001c4   Section       90  __dczerorl2.o(!!dczerorl2)
    !!handler_zi                             0x08000220   Section       28  __scatter_zi.o(!!handler_zi)
    .ARM.Collect$$libinit$$00000000          0x0800023c   Section        2  libinit.o(.ARM.Collect$$libinit$$00000000)
    .ARM.Collect$$libinit$$00000001          0x0800023e   Section        4  libinit2.o(.ARM.Collect$$libinit$$00000001)
    .ARM.Collect$$libinit$$00000004          0x08000242   Section        0  libinit2.o(.ARM.Collect$$libinit$$00000004)
    .ARM.Collect$$libinit$$0000000A          0x08000242   Section        0  libinit2.o(.ARM.Collect$$libinit$$0000000A)
    .ARM.Collect$$libinit$$0000000C          0x08000242   Section        0  libinit2.o(.ARM.Collect$$libinit$$0000000C)
    .ARM.Collect$$libinit$$0000000D          0x08000242   Section        4  libinit2.o(.ARM.Collect$$libinit$$0000000D)
    .ARM.Collect$$libinit$$0000000E          0x08000246   Section        0  libinit2.o(.ARM.Collect$$libinit$$0000000E)
    .ARM.Collect$$libinit$$00000011          0x08000246   Section        0  libinit2.o(.ARM.Collect$$libinit$$00000011)
    .ARM.Collect$$libinit$$00000013          0x08000246   Section        0  libinit2.o(.ARM.Collect$$libinit$$00000013)
    .ARM.Collect$$libinit$$00000015          0x08000246   Section        0  libinit2.o(.ARM.Collect$$libinit$$00000015)
    .ARM.Collect$$libinit$$00000017          0x08000246   Section        0  libinit2.o(.ARM.Collect$$libinit$$00000017)
    .ARM.Collect$$libinit$$00000019          0x08000246   Section        0  libinit2.o(.ARM.Collect$$libinit$$00000019)
    .ARM.Collect$$libinit$$0000001B          0x08000246   Section        0  libinit2.o(.ARM.Collect$$libinit$$0000001B)
    .ARM.Collect$$libinit$$0000001D          0x08000246   Section        0  libinit2.o(.ARM.Collect$$libinit$$0000001D)
    .ARM.Collect$$libinit$$0000001F          0x08000246   Section        0  libinit2.o(.ARM.Collect$$libinit$$0000001F)
    .ARM.Collect$$libinit$$00000021          0x08000246   Section        0  libinit2.o(.ARM.Collect$$libinit$$00000021)
    .ARM.Collect$$libinit$$00000023          0x08000246   Section        0  libinit2.o(.ARM.Collect$$libinit$$00000023)
    .ARM.Collect$$libinit$$00000025          0x08000246   Section        0  libinit2.o(.ARM.Collect$$libinit$$00000025)
    .ARM.Collect$$libinit$$0000002C          0x08000246   Section        0  libinit2.o(.ARM.Collect$$libinit$$0000002C)
    .ARM.Collect$$libinit$$0000002E          0x08000246   Section        0  libinit2.o(.ARM.Collect$$libinit$$0000002E)
    .ARM.Collect$$libinit$$00000030          0x08000246   Section        0  libinit2.o(.ARM.Collect$$libinit$$00000030)
    .ARM.Collect$$libinit$$00000032          0x08000246   Section        0  libinit2.o(.ARM.Collect$$libinit$$00000032)
    .ARM.Collect$$libinit$$00000033          0x08000246   Section        2  libinit2.o(.ARM.Collect$$libinit$$00000033)
    .ARM.Collect$$libshutdown$$00000000      0x08000248   Section        2  libshutdown.o(.ARM.Collect$$libshutdown$$00000000)
    .ARM.Collect$$libshutdown$$00000002      0x0800024a   Section        0  libshutdown2.o(.ARM.Collect$$libshutdown$$00000002)
    .ARM.Collect$$libshutdown$$00000004      0x0800024a   Section        0  libshutdown2.o(.ARM.Collect$$libshutdown$$00000004)
    .ARM.Collect$$libshutdown$$00000007      0x0800024a   Section        0  libshutdown2.o(.ARM.Collect$$libshutdown$$00000007)
    .ARM.Collect$$libshutdown$$0000000A      0x0800024a   Section        0  libshutdown2.o(.ARM.Collect$$libshutdown$$0000000A)
    .ARM.Collect$$libshutdown$$0000000C      0x0800024a   Section        0  libshutdown2.o(.ARM.Collect$$libshutdown$$0000000C)
    .ARM.Collect$$libshutdown$$0000000F      0x0800024a   Section        0  libshutdown2.o(.ARM.Collect$$libshutdown$$0000000F)
    .ARM.Collect$$libshutdown$$00000010      0x0800024a   Section        2  libshutdown2.o(.ARM.Collect$$libshutdown$$00000010)
    .ARM.Collect$$rtentry$$00000000          0x0800024c   Section        0  __rtentry.o(.ARM.Collect$$rtentry$$00000000)
    .ARM.Collect$$rtentry$$00000002          0x0800024c   Section        0  __rtentry2.o(.ARM.Collect$$rtentry$$00000002)
    .ARM.Collect$$rtentry$$00000004          0x0800024c   Section        6  __rtentry4.o(.ARM.Collect$$rtentry$$00000004)
    .ARM.Collect$$rtentry$$00000009          0x08000252   Section        0  __rtentry2.o(.ARM.Collect$$rtentry$$00000009)
    .ARM.Collect$$rtentry$$0000000A          0x08000252   Section        4  __rtentry2.o(.ARM.Collect$$rtentry$$0000000A)
    .ARM.Collect$$rtentry$$0000000C          0x08000256   Section        0  __rtentry2.o(.ARM.Collect$$rtentry$$0000000C)
    .ARM.Collect$$rtentry$$0000000D          0x08000256   Section        8  __rtentry2.o(.ARM.Collect$$rtentry$$0000000D)
    .ARM.Collect$$rtexit$$00000000           0x0800025e   Section        2  rtexit.o(.ARM.Collect$$rtexit$$00000000)
    .ARM.Collect$$rtexit$$00000002           0x08000260   Section        0  rtexit2.o(.ARM.Collect$$rtexit$$00000002)
    .ARM.Collect$$rtexit$$00000003           0x08000260   Section        4  rtexit2.o(.ARM.Collect$$rtexit$$00000003)
    .ARM.Collect$$rtexit$$00000004           0x08000264   Section        6  rtexit2.o(.ARM.Collect$$rtexit$$00000004)
    .emb_text                                0x0800026c   Section       52  rand.o(.emb_text)
    .text                                    0x080002a0   Section      132  startup_stm32l476xx.o(.text)
    $v0                                      0x080002a0   Number         0  startup_stm32l476xx.o(.text)
    .text                                    0x08000324   Section        0  rand.o(.text)
    .text                                    0x08000360   Section        0  heapauxi.o(.text)
    .text                                    0x08000366   Section       74  sys_stackheap_outer.o(.text)
    .text                                    0x080003b0   Section        0  exit.o(.text)
    .text                                    0x080003c4   Section        8  libspace.o(.text)
    .text                                    0x080003cc   Section        2  use_no_semi.o(.text)
    .text                                    0x080003ce   Section        0  indicate_semi.o(.text)
    .text                                    0x080003d0   Section        0  sys_exit.o(.text)
    i.AcknowledgeWireInit                    0x080003dc   Section        0  wiring.o(i.AcknowledgeWireInit)
    i.DependentWireSetup                     0x08000424   Section        0  wiring.o(i.DependentWireSetup)
    i.DisplayDesiredInput                    0x08000438   Section        0  simonbase.o(i.DisplayDesiredInput)
    i.EXTI0_IRQHandler                       0x0800049c   Section        0  main.o(i.EXTI0_IRQHandler)
    i.EXTI1_IRQHandler                       0x0800058c   Section        0  main.o(i.EXTI1_IRQHandler)
    i.EXTI2_IRQHandler                       0x08000604   Section        0  main.o(i.EXTI2_IRQHandler)
    i.EXTI3_IRQHandler                       0x0800067c   Section        0  main.o(i.EXTI3_IRQHandler)
    i.EXTI9_5_IRQHandler                     0x08000764   Section        0  main.o(i.EXTI9_5_IRQHandler)
    i.Gen2PEndlessInputs                     0x0800085c   Section        0  main.o(i.Gen2PEndlessInputs)
    i.GetAcknowledgeWireInput                0x080008c4   Section        0  wiring.o(i.GetAcknowledgeWireInput)
    i.GetLoseInput                           0x080008dc   Section        0  wiring.o(i.GetLoseInput)
    i.GetModeInput                           0x080008f4   Section        0  wiring.o(i.GetModeInput)
    i.InputTransmitWireInit                  0x08000910   Section        0  wiring.o(i.InputTransmitWireInit)
    i.JoystickInit                           0x0800096c   Section        0  simonbase.o(i.JoystickInit)
    i.LCD_Clear                              0x08000b30   Section        0  lcd.o(i.LCD_Clear)
    i.LCD_Clock_Init                         0x08000b70   Section        0  lcd.o(i.LCD_Clock_Init)
    i.LCD_Configure                          0x08000c38   Section        0  lcd.o(i.LCD_Configure)
    i.LCD_Conv_Char_Seg                      0x08000cf8   Section        0  lcd.o(i.LCD_Conv_Char_Seg)
    LCD_Conv_Char_Seg                        0x08000cf9   Thumb Code   304  lcd.o(i.LCD_Conv_Char_Seg)
    i.LCD_DisplayString                      0x08000e30   Section        0  lcd.o(i.LCD_DisplayString)
    i.LCD_Initialization                     0x08000e64   Section        0  lcd.o(i.LCD_Initialization)
    i.LCD_PIN_Init                           0x08000e78   Section        0  lcd.o(i.LCD_PIN_Init)
    i.LCD_WriteChar                          0x08001004   Section        0  lcd.o(i.LCD_WriteChar)
    i.LoseWireInit                           0x080017a8   Section        0  wiring.o(i.LoseWireInit)
    i.ModeWireInit                           0x080017f4   Section        0  wiring.o(i.ModeWireInit)
    i.OnePInit                               0x08001850   Section        0  main.o(i.OnePInit)
    i.PrepCountDown                          0x080018a0   Section        0  main.o(i.PrepCountDown)
    i.PrepIDSel                              0x080018bc   Section        0  main.o(i.PrepIDSel)
    i.PrepMenu                               0x080018e4   Section        0  main.o(i.PrepMenu)
    i.ReadInputWire                          0x08001938   Section        0  wiring.o(i.ReadInputWire)
    i.SetAcknowledgeWireOutput               0x08001948   Section        0  wiring.o(i.SetAcknowledgeWireOutput)
    i.SetLoseOutput                          0x08001968   Section        0  wiring.o(i.SetLoseOutput)
    i.SetModeOutput                          0x0800198c   Section        0  wiring.o(i.SetModeOutput)
    i.TIM2_IRQHandler                        0x080019b0   Section        0  main.o(i.TIM2_IRQHandler)
    i.TestWireInit                           0x0800223c   Section        0  wiring.o(i.TestWireInit)
    i.ToggleAcknowledgeWireOutput            0x08002294   Section        0  wiring.o(i.ToggleAcknowledgeWireOutput)
    i.TransmitInputs                         0x080022c0   Section        0  main.o(i.TransmitInputs)
    i.TwoPInit                               0x080023ac   Section        0  main.o(i.TwoPInit)
    i.VSInit                                 0x0800241c   Section        0  main.o(i.VSInit)
    i.__NVIC_EnableIRQ                       0x080024d8   Section        0  simonbase.o(i.__NVIC_EnableIRQ)
    __NVIC_EnableIRQ                         0x080024d9   Thumb Code    26  simonbase.o(i.__NVIC_EnableIRQ)
    i.__NVIC_SetPriority                     0x080024f4   Section        0  simonbase.o(i.__NVIC_SetPriority)
    __NVIC_SetPriority                       0x080024f5   Thumb Code    32  simonbase.o(i.__NVIC_SetPriority)
    i.enableTIM2                             0x0800251c   Section        0  main.o(i.enableTIM2)
    i.genInput                               0x080025f0   Section        0  simonbase.o(i.genInput)
    i.genInputNoDisplay                      0x08002698   Section        0  simonbase.o(i.genInputNoDisplay)
    i.main                                   0x080026f8   Section        0  main.o(i.main)
    i.receiveInput                           0x08002768   Section        0  simonbase.o(i.receiveInput)
    i.resetString                            0x080027a8   Section        0  simonbase.o(i.resetString)
    i.rotateString                           0x080027bc   Section        0  simonbase.o(i.rotateString)
    i.sendInput                              0x080027e0   Section        0  simonbase.o(i.sendInput)
    i.updateLCDandBars                       0x0800283c   Section        0  simonbase.o(i.updateLCDandBars)
    x$fpl$fpinit                             0x080028b8   Section       10  fpinit.o(x$fpl$fpinit)
    $v0                                      0x080028b8   Number         0  fpinit.o(x$fpl$fpinit)
    .constdata                               0x080028c2   Section       72  lcd.o(.constdata)
    .data                                    0x20000000   Section      402  main.o(.data)
    .bss                                     0x20000194   Section      100  main.o(.bss)
    .bss                                     0x200001f8   Section      228  rand.o(.bss)
    .bss                                     0x200002dc   Section       96  libspace.o(.bss)
    HEAP                                     0x20000340   Section      512  startup_stm32l476xx.o(HEAP)
    Heap_Mem                                 0x20000340   Data         512  startup_stm32l476xx.o(HEAP)
    STACK                                    0x20000540   Section     1024  startup_stm32l476xx.o(STACK)
    Stack_Mem                                0x20000540   Data        1024  startup_stm32l476xx.o(STACK)
    __initial_sp                             0x20000940   Data           0  startup_stm32l476xx.o(STACK)

    Global Symbols

    Symbol Name                              Value     Ov Type        Size  Object(Section)

    BuildAttributes$$THM_ISAv4$E$P$D$K$B$S$7EM$VFPi3$EXTD16$VFPS$VFMA$PE$A:L22UL41UL21$X:L11$S22US41US21$IEEE1$IW$USESV6$~STKCKD$USESV7$~SHL$OSPACE$ROPI$EBA8$UX$STANDARDLIB$REQ8$PRES8$EABIv2 0x00000000   Number         0  anon$$obj.o ABSOLUTE
    Image$$ER_IROM1$$RW$$Length              0x00000000   Number         0  anon$$obj.o ABSOLUTE
    Image$$ER_IROM1$$ZI$$Length              0x00000000   Number         0  anon$$obj.o ABSOLUTE
    Image$$RW_IRAM1$$RO$$Length              0x00000000   Number         0  anon$$obj.o ABSOLUTE
    __ARM_use_no_argv                        0x00000000   Number         0  main.o ABSOLUTE
    __ARM_exceptions_init                     - Undefined Weak Reference
    __alloca_initialize                       - Undefined Weak Reference
    __arm_preinit_                            - Undefined Weak Reference
    __cpp_initialize__aeabi_                  - Undefined Weak Reference
    __cxa_finalize                            - Undefined Weak Reference
    __rt_locale                               - Undefined Weak Reference
    __sigvec_lookup                           - Undefined Weak Reference
    _atexit_init                              - Undefined Weak Reference
    _call_atexit_fns                          - Undefined Weak Reference
    _clock_init                               - Undefined Weak Reference
    _fp_trap_init                             - Undefined Weak Reference
    _fp_trap_shutdown                         - Undefined Weak Reference
    _get_lc_collate                           - Undefined Weak Reference
    _get_lc_ctype                             - Undefined Weak Reference
    _get_lc_monetary                          - Undefined Weak Reference
    _get_lc_numeric                           - Undefined Weak Reference
    _get_lc_time                              - Undefined Weak Reference
    _getenv_init                              - Undefined Weak Reference
    _handle_redirection                       - Undefined Weak Reference
    _init_alloc                               - Undefined Weak Reference
    _init_user_alloc                          - Undefined Weak Reference
    _initio                                   - Undefined Weak Reference
    _signal_finish                            - Undefined Weak Reference
    _signal_init                              - Undefined Weak Reference
    _terminate_alloc                          - Undefined Weak Reference
    _terminate_user_alloc                     - Undefined Weak Reference
    _terminateio                              - Undefined Weak Reference
    __Vectors_Size                           0x00000188   Number         0  startup_stm32l476xx.o ABSOLUTE
    Image$$RW_IRAM1$$Length                  0x00000194   Number         0  anon$$obj.o ABSOLUTE
    Image$$RW_IRAM1$$RW$$Length              0x00000194   Number         0  anon$$obj.o ABSOLUTE
    Image$$RW_IRAM1$$ZI$$Length              0x000007ac   Number         0  anon$$obj.o ABSOLUTE
    Image$$ER_IROM1$$RO$$Length              0x0000292c   Number         0  anon$$obj.o ABSOLUTE
    Image$$ER_IROM1$$RO$$Base                0x08000000   Number         0  anon$$obj.o ABSOLUTE
    Load$$ER_IROM1$$Base                     0x08000000   Number         0  anon$$obj.o ABSOLUTE
    __Vectors                                0x08000000   Data           4  startup_stm32l476xx.o(RESET)
    __Vectors_End                            0x08000188   Data           0  startup_stm32l476xx.o(RESET)
    __main                                   0x08000189   Thumb Code     8  __main.o(!!!main)
    __scatterload                            0x08000191   Thumb Code     0  __scatter.o(!!!scatter)
    __scatterload_rt2                        0x08000191   Thumb Code    44  __scatter.o(!!!scatter)
    __scatterload_rt2_thumb_only             0x08000191   Thumb Code     0  __scatter.o(!!!scatter)
    __scatterload_null                       0x0800019f   Thumb Code     0  __scatter.o(!!!scatter)
    __decompress                             0x080001c5   Thumb Code    90  __dczerorl2.o(!!dczerorl2)
    __decompress1                            0x080001c5   Thumb Code     0  __dczerorl2.o(!!dczerorl2)
    __scatterload_zeroinit                   0x08000221   Thumb Code    28  __scatter_zi.o(!!handler_zi)
    __rt_lib_init                            0x0800023d   Thumb Code     0  libinit.o(.ARM.Collect$$libinit$$00000000)
    __rt_lib_init_fp_1                       0x0800023f   Thumb Code     0  libinit2.o(.ARM.Collect$$libinit$$00000001)
    __rt_lib_init_heap_1                     0x08000243   Thumb Code     0  libinit2.o(.ARM.Collect$$libinit$$0000000A)
    __rt_lib_init_preinit_1                  0x08000243   Thumb Code     0  libinit2.o(.ARM.Collect$$libinit$$00000004)
    __rt_lib_init_rand_2                     0x08000243   Thumb Code     0  libinit2.o(.ARM.Collect$$libinit$$0000000D)
    __rt_lib_init_user_alloc_1               0x08000243   Thumb Code     0  libinit2.o(.ARM.Collect$$libinit$$0000000C)
    __rt_lib_init_alloca_1                   0x08000247   Thumb Code     0  libinit2.o(.ARM.Collect$$libinit$$0000002E)
    __rt_lib_init_argv_1                     0x08000247   Thumb Code     0  libinit2.o(.ARM.Collect$$libinit$$0000002C)
    __rt_lib_init_atexit_1                   0x08000247   Thumb Code     0  libinit2.o(.ARM.Collect$$libinit$$0000001B)
    __rt_lib_init_clock_1                    0x08000247   Thumb Code     0  libinit2.o(.ARM.Collect$$libinit$$00000021)
    __rt_lib_init_cpp_1                      0x08000247   Thumb Code     0  libinit2.o(.ARM.Collect$$libinit$$00000032)
    __rt_lib_init_exceptions_1               0x08000247   Thumb Code     0  libinit2.o(.ARM.Collect$$libinit$$00000030)
    __rt_lib_init_fp_trap_1                  0x08000247   Thumb Code     0  libinit2.o(.ARM.Collect$$libinit$$0000001F)
    __rt_lib_init_getenv_1                   0x08000247   Thumb Code     0  libinit2.o(.ARM.Collect$$libinit$$00000023)
    __rt_lib_init_lc_collate_1               0x08000247   Thumb Code     0  libinit2.o(.ARM.Collect$$libinit$$00000011)
    __rt_lib_init_lc_ctype_1                 0x08000247   Thumb Code     0  libinit2.o(.ARM.Collect$$libinit$$00000013)
    __rt_lib_init_lc_monetary_1              0x08000247   Thumb Code     0  libinit2.o(.ARM.Collect$$libinit$$00000015)
    __rt_lib_init_lc_numeric_1               0x08000247   Thumb Code     0  libinit2.o(.ARM.Collect$$libinit$$00000017)
    __rt_lib_init_lc_time_1                  0x08000247   Thumb Code     0  libinit2.o(.ARM.Collect$$libinit$$00000019)
    __rt_lib_init_rand_1                     0x08000247   Thumb Code     0  libinit2.o(.ARM.Collect$$libinit$$0000000E)
    __rt_lib_init_return                     0x08000247   Thumb Code     0  libinit2.o(.ARM.Collect$$libinit$$00000033)
    __rt_lib_init_signal_1                   0x08000247   Thumb Code     0  libinit2.o(.ARM.Collect$$libinit$$0000001D)
    __rt_lib_init_stdio_1                    0x08000247   Thumb Code     0  libinit2.o(.ARM.Collect$$libinit$$00000025)
    __rt_lib_shutdown                        0x08000249   Thumb Code     0  libshutdown.o(.ARM.Collect$$libshutdown$$00000000)
    __rt_lib_shutdown_cpp_1                  0x0800024b   Thumb Code     0  libshutdown2.o(.ARM.Collect$$libshutdown$$00000002)
    __rt_lib_shutdown_fp_trap_1              0x0800024b   Thumb Code     0  libshutdown2.o(.ARM.Collect$$libshutdown$$00000007)
    __rt_lib_shutdown_heap_1                 0x0800024b   Thumb Code     0  libshutdown2.o(.ARM.Collect$$libshutdown$$0000000F)
    __rt_lib_shutdown_return                 0x0800024b   Thumb Code     0  libshutdown2.o(.ARM.Collect$$libshutdown$$00000010)
    __rt_lib_shutdown_signal_1               0x0800024b   Thumb Code     0  libshutdown2.o(.ARM.Collect$$libshutdown$$0000000A)
    __rt_lib_shutdown_stdio_1                0x0800024b   Thumb Code     0  libshutdown2.o(.ARM.Collect$$libshutdown$$00000004)
    __rt_lib_shutdown_user_alloc_1           0x0800024b   Thumb Code     0  libshutdown2.o(.ARM.Collect$$libshutdown$$0000000C)
    __rt_entry                               0x0800024d   Thumb Code     0  __rtentry.o(.ARM.Collect$$rtentry$$00000000)
    __rt_entry_presh_1                       0x0800024d   Thumb Code     0  __rtentry2.o(.ARM.Collect$$rtentry$$00000002)
    __rt_entry_sh                            0x0800024d   Thumb Code     0  __rtentry4.o(.ARM.Collect$$rtentry$$00000004)
    __rt_entry_li                            0x08000253   Thumb Code     0  __rtentry2.o(.ARM.Collect$$rtentry$$0000000A)
    __rt_entry_postsh_1                      0x08000253   Thumb Code     0  __rtentry2.o(.ARM.Collect$$rtentry$$00000009)
    __rt_entry_main                          0x08000257   Thumb Code     0  __rtentry2.o(.ARM.Collect$$rtentry$$0000000D)
    __rt_entry_postli_1                      0x08000257   Thumb Code     0  __rtentry2.o(.ARM.Collect$$rtentry$$0000000C)
    __rt_exit                                0x0800025f   Thumb Code     0  rtexit.o(.ARM.Collect$$rtexit$$00000000)
    __rt_exit_ls                             0x08000261   Thumb Code     0  rtexit2.o(.ARM.Collect$$rtexit$$00000003)
    __rt_exit_prels_1                        0x08000261   Thumb Code     0  rtexit2.o(.ARM.Collect$$rtexit$$00000002)
    __rt_exit_exit                           0x08000265   Thumb Code     0  rtexit2.o(.ARM.Collect$$rtexit$$00000004)
    rand                                     0x0800026d   Thumb Code    48  rand.o(.emb_text)
    Reset_Handler                            0x080002a1   Thumb Code    60  startup_stm32l476xx.o(.text)
    NMI_Handler                              0x080002dd   Thumb Code     2  startup_stm32l476xx.o(.text)
    HardFault_Handler                        0x080002df   Thumb Code     2  startup_stm32l476xx.o(.text)
    MemManage_Handler                        0x080002e1   Thumb Code     2  startup_stm32l476xx.o(.text)
    BusFault_Handler                         0x080002e3   Thumb Code     2  startup_stm32l476xx.o(.text)
    UsageFault_Handler                       0x080002e5   Thumb Code     2  startup_stm32l476xx.o(.text)
    SVC_Handler                              0x080002e7   Thumb Code     2  startup_stm32l476xx.o(.text)
    DebugMon_Handler                         0x080002e9   Thumb Code     2  startup_stm32l476xx.o(.text)
    PendSV_Handler                           0x080002eb   Thumb Code     2  startup_stm32l476xx.o(.text)
    SysTick_Handler                          0x080002ed   Thumb Code     2  startup_stm32l476xx.o(.text)
    ADC1_2_IRQHandler                        0x080002ef   Thumb Code     0  startup_stm32l476xx.o(.text)
    ADC3_IRQHandler                          0x080002ef   Thumb Code     0  startup_stm32l476xx.o(.text)
    CAN1_RX0_IRQHandler                      0x080002ef   Thumb Code     0  startup_stm32l476xx.o(.text)
    CAN1_RX1_IRQHandler                      0x080002ef   Thumb Code     0  startup_stm32l476xx.o(.text)
    CAN1_SCE_IRQHandler                      0x080002ef   Thumb Code     0  startup_stm32l476xx.o(.text)
    CAN1_TX_IRQHandler                       0x080002ef   Thumb Code     0  startup_stm32l476xx.o(.text)
    COMP_IRQHandler                          0x080002ef   Thumb Code     0  startup_stm32l476xx.o(.text)
    DFSDM0_IRQHandler                        0x080002ef   Thumb Code     0  startup_stm32l476xx.o(.text)
    DFSDM1_IRQHandler                        0x080002ef   Thumb Code     0  startup_stm32l476xx.o(.text)
    DFSDM2_IRQHandler                        0x080002ef   Thumb Code     0  startup_stm32l476xx.o(.text)
    DFSDM3_IRQHandler                        0x080002ef   Thumb Code     0  startup_stm32l476xx.o(.text)
    DMA1_Channel1_IRQHandler                 0x080002ef   Thumb Code     0  startup_stm32l476xx.o(.text)
    DMA1_Channel2_IRQHandler                 0x080002ef   Thumb Code     0  startup_stm32l476xx.o(.text)
    DMA1_Channel3_IRQHandler                 0x080002ef   Thumb Code     0  startup_stm32l476xx.o(.text)
    DMA1_Channel4_IRQHandler                 0x080002ef   Thumb Code     0  startup_stm32l476xx.o(.text)
    DMA1_Channel5_IRQHandler                 0x080002ef   Thumb Code     0  startup_stm32l476xx.o(.text)
    DMA1_Channel6_IRQHandler                 0x080002ef   Thumb Code     0  startup_stm32l476xx.o(.text)
    DMA1_Channel7_IRQHandler                 0x080002ef   Thumb Code     0  startup_stm32l476xx.o(.text)
    DMA2_Channel1_IRQHandler                 0x080002ef   Thumb Code     0  startup_stm32l476xx.o(.text)
    DMA2_Channel2_IRQHandler                 0x080002ef   Thumb Code     0  startup_stm32l476xx.o(.text)
    DMA2_Channel3_IRQHandler                 0x080002ef   Thumb Code     0  startup_stm32l476xx.o(.text)
    DMA2_Channel4_IRQHandler                 0x080002ef   Thumb Code     0  startup_stm32l476xx.o(.text)
    DMA2_Channel5_IRQHandler                 0x080002ef   Thumb Code     0  startup_stm32l476xx.o(.text)
    DMA2_Channel6_IRQHandler                 0x080002ef   Thumb Code     0  startup_stm32l476xx.o(.text)
    DMA2_Channel7_IRQHandler                 0x080002ef   Thumb Code     0  startup_stm32l476xx.o(.text)
    EXTI15_10_IRQHandler                     0x080002ef   Thumb Code     0  startup_stm32l476xx.o(.text)
    EXTI4_IRQHandler                         0x080002ef   Thumb Code     0  startup_stm32l476xx.o(.text)
    FLASH_IRQHandler                         0x080002ef   Thumb Code     0  startup_stm32l476xx.o(.text)
    FMC_IRQHandler                           0x080002ef   Thumb Code     0  startup_stm32l476xx.o(.text)
    FPU_IRQHandler                           0x080002ef   Thumb Code     0  startup_stm32l476xx.o(.text)
    I2C1_ER_IRQHandler                       0x080002ef   Thumb Code     0  startup_stm32l476xx.o(.text)
    I2C1_EV_IRQHandler                       0x080002ef   Thumb Code     0  startup_stm32l476xx.o(.text)
    I2C2_ER_IRQHandler                       0x080002ef   Thumb Code     0  startup_stm32l476xx.o(.text)
    I2C2_EV_IRQHandler                       0x080002ef   Thumb Code     0  startup_stm32l476xx.o(.text)
    I2C3_ER_IRQHandler                       0x080002ef   Thumb Code     0  startup_stm32l476xx.o(.text)
    I2C3_EV_IRQHandler                       0x080002ef   Thumb Code     0  startup_stm32l476xx.o(.text)
    LCD_IRQHandler                           0x080002ef   Thumb Code     0  startup_stm32l476xx.o(.text)
    LPTIM1_IRQHandler                        0x080002ef   Thumb Code     0  startup_stm32l476xx.o(.text)
    LPTIM2_IRQHandler                        0x080002ef   Thumb Code     0  startup_stm32l476xx.o(.text)
    LPUART1_IRQHandler                       0x080002ef   Thumb Code     0  startup_stm32l476xx.o(.text)
    OTG_FS_IRQHandler                        0x080002ef   Thumb Code     0  startup_stm32l476xx.o(.text)
    PVD_PVM_IRQHandler                       0x080002ef   Thumb Code     0  startup_stm32l476xx.o(.text)
    QUADSPI_IRQHandler                       0x080002ef   Thumb Code     0  startup_stm32l476xx.o(.text)
    RCC_IRQHandler                           0x080002ef   Thumb Code     0  startup_stm32l476xx.o(.text)
    RNG_IRQHandler                           0x080002ef   Thumb Code     0  startup_stm32l476xx.o(.text)
    RTC_Alarm_IRQHandler                     0x080002ef   Thumb Code     0  startup_stm32l476xx.o(.text)
    RTC_WKUP_IRQHandler                      0x080002ef   Thumb Code     0  startup_stm32l476xx.o(.text)
    SAI1_IRQHandler                          0x080002ef   Thumb Code     0  startup_stm32l476xx.o(.text)
    SAI2_IRQHandler                          0x080002ef   Thumb Code     0  startup_stm32l476xx.o(.text)
    SDMMC1_IRQHandler                        0x080002ef   Thumb Code     0  startup_stm32l476xx.o(.text)
    SPI1_IRQHandler                          0x080002ef   Thumb Code     0  startup_stm32l476xx.o(.text)
    SPI2_IRQHandler                          0x080002ef   Thumb Code     0  startup_stm32l476xx.o(.text)
    SPI3_IRQHandler                          0x080002ef   Thumb Code     0  startup_stm32l476xx.o(.text)
    SWPMI1_IRQHandler                        0x080002ef   Thumb Code     0  startup_stm32l476xx.o(.text)
    TAMP_STAMP_IRQHandler                    0x080002ef   Thumb Code     0  startup_stm32l476xx.o(.text)
    TIM1_BRK_TIM15_IRQHandler                0x080002ef   Thumb Code     0  startup_stm32l476xx.o(.text)
    TIM1_CC_IRQHandler                       0x080002ef   Thumb Code     0  startup_stm32l476xx.o(.text)
    TIM1_TRG_COM_TIM17_IRQHandler            0x080002ef   Thumb Code     0  startup_stm32l476xx.o(.text)
    TIM1_UP_TIM16_IRQHandler                 0x080002ef   Thumb Code     0  startup_stm32l476xx.o(.text)
    TIM3_IRQHandler                          0x080002ef   Thumb Code     0  startup_stm32l476xx.o(.text)
    TIM4_IRQHandler                          0x080002ef   Thumb Code     0  startup_stm32l476xx.o(.text)
    TIM5_IRQHandler                          0x080002ef   Thumb Code     0  startup_stm32l476xx.o(.text)
    TIM6_DAC_IRQHandler                      0x080002ef   Thumb Code     0  startup_stm32l476xx.o(.text)
    TIM7_IRQHandler                          0x080002ef   Thumb Code     0  startup_stm32l476xx.o(.text)
    TIM8_BRK_IRQHandler                      0x080002ef   Thumb Code     0  startup_stm32l476xx.o(.text)
    TIM8_CC_IRQHandler                       0x080002ef   Thumb Code     0  startup_stm32l476xx.o(.text)
    TIM8_TRG_COM_IRQHandler                  0x080002ef   Thumb Code     0  startup_stm32l476xx.o(.text)
    TIM8_UP_IRQHandler                       0x080002ef   Thumb Code     0  startup_stm32l476xx.o(.text)
    TSC_IRQHandler                           0x080002ef   Thumb Code     0  startup_stm32l476xx.o(.text)
    UART4_IRQHandler                         0x080002ef   Thumb Code     0  startup_stm32l476xx.o(.text)
    UART5_IRQHandler                         0x080002ef   Thumb Code     0  startup_stm32l476xx.o(.text)
    USART1_IRQHandler                        0x080002ef   Thumb Code     0  startup_stm32l476xx.o(.text)
    USART2_IRQHandler                        0x080002ef   Thumb Code     0  startup_stm32l476xx.o(.text)
    USART3_IRQHandler                        0x080002ef   Thumb Code     0  startup_stm32l476xx.o(.text)
    WWDG_IRQHandler                          0x080002ef   Thumb Code     0  startup_stm32l476xx.o(.text)
    __user_initial_stackheap                 0x080002f1   Thumb Code     0  startup_stm32l476xx.o(.text)
    srand                                    0x08000325   Thumb Code    42  rand.o(.text)
    _rand_init                               0x0800034f   Thumb Code     4  rand.o(.text)
    __use_two_region_memory                  0x08000361   Thumb Code     2  heapauxi.o(.text)
    __rt_heap_escrow$2region                 0x08000363   Thumb Code     2  heapauxi.o(.text)
    __rt_heap_expand$2region                 0x08000365   Thumb Code     2  heapauxi.o(.text)
    __user_setup_stackheap                   0x08000367   Thumb Code    74  sys_stackheap_outer.o(.text)
    exit                                     0x080003b1   Thumb Code    18  exit.o(.text)
    __user_libspace                          0x080003c5   Thumb Code     8  libspace.o(.text)
    __user_perproc_libspace                  0x080003c5   Thumb Code     0  libspace.o(.text)
    __user_perthread_libspace                0x080003c5   Thumb Code     0  libspace.o(.text)
    __I$use$semihosting                      0x080003cd   Thumb Code     0  use_no_semi.o(.text)
    __use_no_semihosting_swi                 0x080003cd   Thumb Code     2  use_no_semi.o(.text)
    __semihosting_library_function           0x080003cf   Thumb Code     0  indicate_semi.o(.text)
    _sys_exit                                0x080003d1   Thumb Code     8  sys_exit.o(.text)
    AcknowledgeWireInit                      0x080003dd   Thumb Code    58  wiring.o(i.AcknowledgeWireInit)
    DependentWireSetup                       0x08000425   Thumb Code    18  wiring.o(i.DependentWireSetup)
    DisplayDesiredInput                      0x08000439   Thumb Code    68  simonbase.o(i.DisplayDesiredInput)
    EXTI0_IRQHandler                         0x0800049d   Thumb Code   212  main.o(i.EXTI0_IRQHandler)
    EXTI1_IRQHandler                         0x0800058d   Thumb Code    84  main.o(i.EXTI1_IRQHandler)
    EXTI2_IRQHandler                         0x08000605   Thumb Code    84  main.o(i.EXTI2_IRQHandler)
    EXTI3_IRQHandler                         0x0800067d   Thumb Code   168  main.o(i.EXTI3_IRQHandler)
    EXTI9_5_IRQHandler                       0x08000765   Thumb Code   184  main.o(i.EXTI9_5_IRQHandler)
    Gen2PEndlessInputs                       0x0800085d   Thumb Code    88  main.o(i.Gen2PEndlessInputs)
    GetAcknowledgeWireInput                  0x080008c5   Thumb Code    18  wiring.o(i.GetAcknowledgeWireInput)
    GetLoseInput                             0x080008dd   Thumb Code    18  wiring.o(i.GetLoseInput)
    GetModeInput                             0x080008f5   Thumb Code    22  wiring.o(i.GetModeInput)
    InputTransmitWireInit                    0x08000911   Thumb Code    82  wiring.o(i.InputTransmitWireInit)
    JoystickInit                             0x0800096d   Thumb Code   438  simonbase.o(i.JoystickInit)
    LCD_Clear                                0x08000b31   Thumb Code    60  lcd.o(i.LCD_Clear)
    LCD_Clock_Init                           0x08000b71   Thumb Code   190  lcd.o(i.LCD_Clock_Init)
    LCD_Configure                            0x08000c39   Thumb Code   188  lcd.o(i.LCD_Configure)
    LCD_DisplayString                        0x08000e31   Thumb Code    46  lcd.o(i.LCD_DisplayString)
    LCD_Initialization                       0x08000e65   Thumb Code    20  lcd.o(i.LCD_Initialization)
    LCD_PIN_Init                             0x08000e79   Thumb Code   334  lcd.o(i.LCD_PIN_Init)
    LCD_WriteChar                            0x08001005   Thumb Code  1946  lcd.o(i.LCD_WriteChar)
    LoseWireInit                             0x080017a9   Thumb Code    66  wiring.o(i.LoseWireInit)
    ModeWireInit                             0x080017f5   Thumb Code    82  wiring.o(i.ModeWireInit)
    OnePInit                                 0x08001851   Thumb Code    46  main.o(i.OnePInit)
    PrepCountDown                            0x080018a1   Thumb Code    16  main.o(i.PrepCountDown)
    PrepIDSel                                0x080018bd   Thumb Code    22  main.o(i.PrepIDSel)
    PrepMenu                                 0x080018e5   Thumb Code    48  main.o(i.PrepMenu)
    ReadInputWire                            0x08001939   Thumb Code    12  wiring.o(i.ReadInputWire)
    SetAcknowledgeWireOutput                 0x08001949   Thumb Code    26  wiring.o(i.SetAcknowledgeWireOutput)
    SetLoseOutput                            0x08001969   Thumb Code    30  wiring.o(i.SetLoseOutput)
    SetModeOutput                            0x0800198d   Thumb Code    30  wiring.o(i.SetModeOutput)
    TIM2_IRQHandler                          0x080019b1   Thumb Code  2074  main.o(i.TIM2_IRQHandler)
    TestWireInit                             0x0800223d   Thumb Code    78  wiring.o(i.TestWireInit)
    ToggleAcknowledgeWireOutput              0x08002295   Thumb Code    38  wiring.o(i.ToggleAcknowledgeWireOutput)
    TransmitInputs                           0x080022c1   Thumb Code   210  main.o(i.TransmitInputs)
    TwoPInit                                 0x080023ad   Thumb Code    72  main.o(i.TwoPInit)
    VSInit                                   0x0800241d   Thumb Code   140  main.o(i.VSInit)
    enableTIM2                               0x0800251d   Thumb Code   196  main.o(i.enableTIM2)
    genInput                                 0x080025f1   Thumb Code   136  simonbase.o(i.genInput)
    genInputNoDisplay                        0x08002699   Thumb Code    96  simonbase.o(i.genInputNoDisplay)
    main                                     0x080026f9   Thumb Code    88  main.o(i.main)
    receiveInput                             0x08002769   Thumb Code    54  simonbase.o(i.receiveInput)
    resetString                              0x080027a9   Thumb Code    20  simonbase.o(i.resetString)
    rotateString                             0x080027bd   Thumb Code    34  simonbase.o(i.rotateString)
    sendInput                                0x080027e1   Thumb Code    86  simonbase.o(i.sendInput)
    updateLCDandBars                         0x0800283d   Thumb Code   120  simonbase.o(i.updateLCDandBars)
    _fp_init                                 0x080028b9   Thumb Code    10  fpinit.o(x$fpl$fpinit)
    __fplib_config_fpu_vfp                   0x080028c1   Thumb Code     0  fpinit.o(x$fpl$fpinit)
    __fplib_config_pureend_doubles           0x080028c1   Thumb Code     0  fpinit.o(x$fpl$fpinit)
    CapLetterMap                             0x080028c2   Data          52  lcd.o(.constdata)
    NumberMap                                0x080028f6   Data          20  lcd.o(.constdata)
    Region$$Table$$Base                      0x0800290c   Number         0  anon$$obj.o(Region$$Table)
    Image$$ER_IROM1$$RO$$Limit               0x0800292c   Number         0  anon$$obj.o ABSOLUTE
    Image$$ER_IROM1$$RW$$Base                0x0800292c   Number         0  anon$$obj.o ABSOLUTE
    Image$$ER_IROM1$$RW$$Limit               0x0800292c   Number         0  anon$$obj.o ABSOLUTE
    Image$$ER_IROM1$$ZI$$Base                0x0800292c   Number         0  anon$$obj.o ABSOLUTE
    Image$$ER_IROM1$$ZI$$Limit               0x0800292c   Number         0  anon$$obj.o ABSOLUTE
    Load$$RW_IRAM1$$Base                     0x0800292c   Number         0  anon$$obj.o ABSOLUTE
    Region$$Table$$Limit                     0x0800292c   Number         0  anon$$obj.o(Region$$Table)
    Image$$RW_IRAM1$$Base                    0x20000000   Number         0  anon$$obj.o ABSOLUTE
    Image$$RW_IRAM1$$RO$$Base                0x20000000   Number         0  anon$$obj.o ABSOLUTE
    Image$$RW_IRAM1$$RW$$Base                0x20000000   Number         0  anon$$obj.o ABSOLUTE
    scoreBase                                0x20000000   Data          10  main.o(.data)
    score                                    0x2000000a   Data          10  main.o(.data)
    TwoPEndlessScoreWinnerBase               0x20000014   Data          17  main.o(.data)
    TwoPEndlessScoreWinnerRotator            0x20000025   Data          17  main.o(.data)
    TwoPVSWinnerBase                         0x20000036   Data           8  main.o(.data)
    TwoPVSWinnerRotator                      0x2000003e   Data           8  main.o(.data)
    TwoPEndlessScoreLoserBase                0x20000046   Data          16  main.o(.data)
    TwoPEndlessScoreLoserRotator             0x20000056   Data          16  main.o(.data)
    TwoPVSLoserBase                          0x20000066   Data           7  main.o(.data)
    TwoPVSLoserRotator                       0x2000006d   Data           7  main.o(.data)
    OnePPrintBase                            0x20000074   Data           9  main.o(.data)
    OnePPrintRotator                         0x2000007d   Data           9  main.o(.data)
    TwoPPrintBase                            0x20000086   Data          12  main.o(.data)
    TwoPPrintRotator                         0x20000092   Data          12  main.o(.data)
    VSPrintBase                              0x2000009e   Data          10  main.o(.data)
    VSPrintRotator                           0x200000a8   Data          10  main.o(.data)
    IDSelPrintBase                           0x200000b2   Data          17  main.o(.data)
    IDSelPrintRotator                        0x200000c3   Data          17  main.o(.data)
    WaitingOnP1Base                          0x200000d4   Data          15  main.o(.data)
    WaitingOnP1Rotator                       0x200000e3   Data          15  main.o(.data)
    WaitingOnP2Base                          0x200000f2   Data          15  main.o(.data)
    WaitingOnP2Rotator                       0x20000101   Data          15  main.o(.data)
    GenningPrintBase                         0x20000110   Data          17  main.o(.data)
    GenningPrintRotator                      0x20000121   Data          17  main.o(.data)
    CountDown3                               0x20000132   Data           6  main.o(.data)
    CountDown2                               0x20000138   Data           6  main.o(.data)
    CountDown1                               0x2000013e   Data           6  main.o(.data)
    count                                    0x20000144   Data           4  main.o(.data)
    maxReload                                0x20000148   Data           4  main.o(.data)
    countLim                                 0x2000014c   Data           4  main.o(.data)
    lifeCount                                0x20000150   Data           4  main.o(.data)
    livesBase                                0x20000154   Data           4  main.o(.data)
    lives                                    0x20000158   Data           4  main.o(.data)
    inputReceived                            0x2000015c   Data           1  main.o(.data)
    inputDesired                             0x2000015d   Data           1  main.o(.data)
    lastInupt                                0x2000015e   Data           1  main.o(.data)
    gameOver                                 0x20000160   Data           4  main.o(.data)
    playerConnected                          0x20000164   Data           4  main.o(.data)
    menuCountLim                             0x20000168   Data           4  main.o(.data)
    countDownCountLim                        0x2000016c   Data           4  main.o(.data)
    idSelPrepped                             0x20000170   Data           4  main.o(.data)
    nextOpenIndex                            0x20000174   Data           4  main.o(.data)
    nextReplaceIndex                         0x20000178   Data           4  main.o(.data)
    inputsInitialized                        0x2000017c   Data           4  main.o(.data)
    roundCount                               0x20000180   Data           4  main.o(.data)
    prevAckVal                               0x20000184   Data           4  main.o(.data)
    currAckVal                               0x20000188   Data           4  main.o(.data)
    GameState                                0x2000018c   Data           1  main.o(.data)
    CDSubState                               0x2000018d   Data           1  main.o(.data)
    MenuSubState                             0x2000018e   Data           1  main.o(.data)
    PlayerID                                 0x2000018f   Data           1  main.o(.data)
    GameOverSubState                         0x20000190   Data           1  main.o(.data)
    VSSubState                               0x20000191   Data           1  main.o(.data)
    Image$$RW_IRAM1$$Limit                   0x20000194   Number         0  anon$$obj.o ABSOLUTE
    Image$$RW_IRAM1$$RW$$Limit               0x20000194   Number         0  anon$$obj.o ABSOLUTE
    Image$$RW_IRAM1$$ZI$$Base                0x20000194   Number         0  anon$$obj.o ABSOLUTE
    inputs                                   0x20000194   Data         100  main.o(.bss)
    _random_number_data                      0x200001f8   Data         228  rand.o(.bss)
    __libspace_start                         0x200002dc   Data          96  libspace.o(.bss)
    __temporary_stack_top$libspace           0x2000033c   Data           0  libspace.o(.bss)
    Image$$RW_IRAM1$$ZI$$Limit               0x20000940   Number         0  anon$$obj.o ABSOLUTE



==============================================================================

Memory Map of the image

  Image Entry point : 0x08000189

  Load Region LR_IROM1 (Base: 0x08000000, Size: 0x00002ac0, Max: 0x00100000, ABSOLUTE, COMPRESSED[0x000029c4])

    Execution Region ER_IROM1 (Exec base: 0x08000000, Load base: 0x08000000, Size: 0x0000292c, Max: 0x00100000, ABSOLUTE)

    Exec Addr    Load Addr    Size         Type   Attr      Idx    E Section Name        Object

    0x08000000   0x08000000   0x00000188   Data   RO          254    RESET               startup_stm32l476xx.o
    0x08000188   0x08000188   0x00000008   Code   RO          459  * !!!main             c_w.l(__main.o)
    0x08000190   0x08000190   0x00000034   Code   RO          618    !!!scatter          c_w.l(__scatter.o)
    0x080001c4   0x080001c4   0x0000005a   Code   RO          616    !!dczerorl2         c_w.l(__dczerorl2.o)
    0x0800021e   0x0800021e   0x00000002   PAD
    0x08000220   0x08000220   0x0000001c   Code   RO          620    !!handler_zi        c_w.l(__scatter_zi.o)
    0x0800023c   0x0800023c   0x00000002   Code   RO          539    .ARM.Collect$$libinit$$00000000  c_w.l(libinit.o)
    0x0800023e   0x0800023e   0x00000004   Code   RO          462    .ARM.Collect$$libinit$$00000001  c_w.l(libinit2.o)
    0x08000242   0x08000242   0x00000000   Code   RO          465    .ARM.Collect$$libinit$$00000004  c_w.l(libinit2.o)
    0x08000242   0x08000242   0x00000000   Code   RO          468    .ARM.Collect$$libinit$$0000000A  c_w.l(libinit2.o)
    0x08000242   0x08000242   0x00000000   Code   RO          470    .ARM.Collect$$libinit$$0000000C  c_w.l(libinit2.o)
    0x08000242   0x08000242   0x00000004   Code   RO          471    .ARM.Collect$$libinit$$0000000D  c_w.l(libinit2.o)
    0x08000246   0x08000246   0x00000000   Code   RO          472    .ARM.Collect$$libinit$$0000000E  c_w.l(libinit2.o)
    0x08000246   0x08000246   0x00000000   Code   RO          475    .ARM.Collect$$libinit$$00000011  c_w.l(libinit2.o)
    0x08000246   0x08000246   0x00000000   Code   RO          477    .ARM.Collect$$libinit$$00000013  c_w.l(libinit2.o)
    0x08000246   0x08000246   0x00000000   Code   RO          479    .ARM.Collect$$libinit$$00000015  c_w.l(libinit2.o)
    0x08000246   0x08000246   0x00000000   Code   RO          481    .ARM.Collect$$libinit$$00000017  c_w.l(libinit2.o)
    0x08000246   0x08000246   0x00000000   Code   RO          483    .ARM.Collect$$libinit$$00000019  c_w.l(libinit2.o)
    0x08000246   0x08000246   0x00000000   Code   RO          485    .ARM.Collect$$libinit$$0000001B  c_w.l(libinit2.o)
    0x08000246   0x08000246   0x00000000   Code   RO          487    .ARM.Collect$$libinit$$0000001D  c_w.l(libinit2.o)
    0x08000246   0x08000246   0x00000000   Code   RO          489    .ARM.Collect$$libinit$$0000001F  c_w.l(libinit2.o)
    0x08000246   0x08000246   0x00000000   Code   RO          491    .ARM.Collect$$libinit$$00000021  c_w.l(libinit2.o)
    0x08000246   0x08000246   0x00000000   Code   RO          493    .ARM.Collect$$libinit$$00000023  c_w.l(libinit2.o)
    0x08000246   0x08000246   0x00000000   Code   RO          495    .ARM.Collect$$libinit$$00000025  c_w.l(libinit2.o)
    0x08000246   0x08000246   0x00000000   Code   RO          499    .ARM.Collect$$libinit$$0000002C  c_w.l(libinit2.o)
    0x08000246   0x08000246   0x00000000   Code   RO          501    .ARM.Collect$$libinit$$0000002E  c_w.l(libinit2.o)
    0x08000246   0x08000246   0x00000000   Code   RO          503    .ARM.Collect$$libinit$$00000030  c_w.l(libinit2.o)
    0x08000246   0x08000246   0x00000000   Code   RO          505    .ARM.Collect$$libinit$$00000032  c_w.l(libinit2.o)
    0x08000246   0x08000246   0x00000002   Code   RO          506    .ARM.Collect$$libinit$$00000033  c_w.l(libinit2.o)
    0x08000248   0x08000248   0x00000002   Code   RO          577    .ARM.Collect$$libshutdown$$00000000  c_w.l(libshutdown.o)
    0x0800024a   0x0800024a   0x00000000   Code   RO          583    .ARM.Collect$$libshutdown$$00000002  c_w.l(libshutdown2.o)
    0x0800024a   0x0800024a   0x00000000   Code   RO          585    .ARM.Collect$$libshutdown$$00000004  c_w.l(libshutdown2.o)
    0x0800024a   0x0800024a   0x00000000   Code   RO          588    .ARM.Collect$$libshutdown$$00000007  c_w.l(libshutdown2.o)
    0x0800024a   0x0800024a   0x00000000   Code   RO          591    .ARM.Collect$$libshutdown$$0000000A  c_w.l(libshutdown2.o)
    0x0800024a   0x0800024a   0x00000000   Code   RO          593    .ARM.Collect$$libshutdown$$0000000C  c_w.l(libshutdown2.o)
    0x0800024a   0x0800024a   0x00000000   Code   RO          596    .ARM.Collect$$libshutdown$$0000000F  c_w.l(libshutdown2.o)
    0x0800024a   0x0800024a   0x00000002   Code   RO          597    .ARM.Collect$$libshutdown$$00000010  c_w.l(libshutdown2.o)
    0x0800024c   0x0800024c   0x00000000   Code   RO          461    .ARM.Collect$$rtentry$$00000000  c_w.l(__rtentry.o)
    0x0800024c   0x0800024c   0x00000000   Code   RO          508    .ARM.Collect$$rtentry$$00000002  c_w.l(__rtentry2.o)
    0x0800024c   0x0800024c   0x00000006   Code   RO          520    .ARM.Collect$$rtentry$$00000004  c_w.l(__rtentry4.o)
    0x08000252   0x08000252   0x00000000   Code   RO          510    .ARM.Collect$$rtentry$$00000009  c_w.l(__rtentry2.o)
    0x08000252   0x08000252   0x00000004   Code   RO          511    .ARM.Collect$$rtentry$$0000000A  c_w.l(__rtentry2.o)
    0x08000256   0x08000256   0x00000000   Code   RO          513    .ARM.Collect$$rtentry$$0000000C  c_w.l(__rtentry2.o)
    0x08000256   0x08000256   0x00000008   Code   RO          514    .ARM.Collect$$rtentry$$0000000D  c_w.l(__rtentry2.o)
    0x0800025e   0x0800025e   0x00000002   Code   RO          545    .ARM.Collect$$rtexit$$00000000  c_w.l(rtexit.o)
    0x08000260   0x08000260   0x00000000   Code   RO          557    .ARM.Collect$$rtexit$$00000002  c_w.l(rtexit2.o)
    0x08000260   0x08000260   0x00000004   Code   RO          558    .ARM.Collect$$rtexit$$00000003  c_w.l(rtexit2.o)
    0x08000264   0x08000264   0x00000006   Code   RO          559    .ARM.Collect$$rtexit$$00000004  c_w.l(rtexit2.o)
    0x0800026a   0x0800026a   0x00000002   PAD
    0x0800026c   0x0800026c   0x00000034   Code   RO          452    .emb_text           c_w.l(rand.o)
    0x080002a0   0x080002a0   0x00000084   Code   RO          255    .text               startup_stm32l476xx.o
    0x08000324   0x08000324   0x0000003c   Code   RO          453    .text               c_w.l(rand.o)
    0x08000360   0x08000360   0x00000006   Code   RO          457    .text               c_w.l(heapauxi.o)
    0x08000366   0x08000366   0x0000004a   Code   RO          526    .text               c_w.l(sys_stackheap_outer.o)
    0x080003b0   0x080003b0   0x00000012   Code   RO          528    .text               c_w.l(exit.o)
    0x080003c2   0x080003c2   0x00000002   PAD
    0x080003c4   0x080003c4   0x00000008   Code   RO          542    .text               c_w.l(libspace.o)
    0x080003cc   0x080003cc   0x00000002   Code   RO          553    .text               c_w.l(use_no_semi.o)
    0x080003ce   0x080003ce   0x00000000   Code   RO          555    .text               c_w.l(indicate_semi.o)
    0x080003ce   0x080003ce   0x00000002   PAD
    0x080003d0   0x080003d0   0x0000000c   Code   RO          569    .text               c_w.l(sys_exit.o)
    0x080003dc   0x080003dc   0x00000048   Code   RO          351    i.AcknowledgeWireInit  wiring.o
    0x08000424   0x08000424   0x00000012   Code   RO          352    i.DependentWireSetup  wiring.o
    0x08000436   0x08000436   0x00000002   PAD
    0x08000438   0x08000438   0x00000064   Code   RO          262    i.DisplayDesiredInput  simonbase.o
    0x0800049c   0x0800049c   0x000000f0   Code   RO          117    i.EXTI0_IRQHandler  main.o
    0x0800058c   0x0800058c   0x00000078   Code   RO          118    i.EXTI1_IRQHandler  main.o
    0x08000604   0x08000604   0x00000078   Code   RO          119    i.EXTI2_IRQHandler  main.o
    0x0800067c   0x0800067c   0x000000e8   Code   RO          120    i.EXTI3_IRQHandler  main.o
    0x08000764   0x08000764   0x000000f8   Code   RO          121    i.EXTI9_5_IRQHandler  main.o
    0x0800085c   0x0800085c   0x00000068   Code   RO          122    i.Gen2PEndlessInputs  main.o
    0x080008c4   0x080008c4   0x00000018   Code   RO          353    i.GetAcknowledgeWireInput  wiring.o
    0x080008dc   0x080008dc   0x00000018   Code   RO          354    i.GetLoseInput      wiring.o
    0x080008f4   0x080008f4   0x0000001c   Code   RO          355    i.GetModeInput      wiring.o
    0x08000910   0x08000910   0x0000005c   Code   RO          356    i.InputTransmitWireInit  wiring.o
    0x0800096c   0x0800096c   0x000001c4   Code   RO          263    i.JoystickInit      simonbase.o
    0x08000b30   0x08000b30   0x00000040   Code   RO            4    i.LCD_Clear         lcd.o
    0x08000b70   0x08000b70   0x000000c8   Code   RO            5    i.LCD_Clock_Init    lcd.o
    0x08000c38   0x08000c38   0x000000c0   Code   RO            6    i.LCD_Configure     lcd.o
    0x08000cf8   0x08000cf8   0x00000138   Code   RO            7    i.LCD_Conv_Char_Seg  lcd.o
    0x08000e30   0x08000e30   0x00000034   Code   RO            9    i.LCD_DisplayString  lcd.o
    0x08000e64   0x08000e64   0x00000014   Code   RO           10    i.LCD_Initialization  lcd.o
    0x08000e78   0x08000e78   0x0000018c   Code   RO           11    i.LCD_PIN_Init      lcd.o
    0x08001004   0x08001004   0x000007a4   Code   RO           12    i.LCD_WriteChar     lcd.o
    0x080017a8   0x080017a8   0x0000004c   Code   RO          357    i.LoseWireInit      wiring.o
    0x080017f4   0x080017f4   0x0000005c   Code   RO          358    i.ModeWireInit      wiring.o
    0x08001850   0x08001850   0x00000050   Code   RO          123    i.OnePInit          main.o
    0x080018a0   0x080018a0   0x0000001c   Code   RO          124    i.PrepCountDown     main.o
    0x080018bc   0x080018bc   0x00000028   Code   RO          125    i.PrepIDSel         main.o
    0x080018e4   0x080018e4   0x00000054   Code   RO          126    i.PrepMenu          main.o
    0x08001938   0x08001938   0x00000010   Code   RO          359    i.ReadInputWire     wiring.o
    0x08001948   0x08001948   0x00000020   Code   RO          360    i.SetAcknowledgeWireOutput  wiring.o
    0x08001968   0x08001968   0x00000024   Code   RO          361    i.SetLoseOutput     wiring.o
    0x0800198c   0x0800198c   0x00000024   Code   RO          362    i.SetModeOutput     wiring.o
    0x080019b0   0x080019b0   0x0000088c   Code   RO          128    i.TIM2_IRQHandler   main.o
    0x0800223c   0x0800223c   0x00000058   Code   RO          363    i.TestWireInit      wiring.o
    0x08002294   0x08002294   0x0000002c   Code   RO          364    i.ToggleAcknowledgeWireOutput  wiring.o
    0x080022c0   0x080022c0   0x000000ec   Code   RO          129    i.TransmitInputs    main.o
    0x080023ac   0x080023ac   0x00000070   Code   RO          130    i.TwoPInit          main.o
    0x0800241c   0x0800241c   0x000000bc   Code   RO          131    i.VSInit            main.o
    0x080024d8   0x080024d8   0x0000001a   Code   RO          264    i.__NVIC_EnableIRQ  simonbase.o
    0x080024f2   0x080024f2   0x00000002   PAD
    0x080024f4   0x080024f4   0x00000028   Code   RO          265    i.__NVIC_SetPriority  simonbase.o
    0x0800251c   0x0800251c   0x000000d4   Code   RO          132    i.enableTIM2        main.o
    0x080025f0   0x080025f0   0x000000a8   Code   RO          266    i.genInput          simonbase.o
    0x08002698   0x08002698   0x00000060   Code   RO          267    i.genInputNoDisplay  simonbase.o
    0x080026f8   0x080026f8   0x00000070   Code   RO          133    i.main              main.o
    0x08002768   0x08002768   0x00000040   Code   RO          268    i.receiveInput      simonbase.o
    0x080027a8   0x080027a8   0x00000014   Code   RO          269    i.resetString       simonbase.o
    0x080027bc   0x080027bc   0x00000022   Code   RO          270    i.rotateString      simonbase.o
    0x080027de   0x080027de   0x00000002   PAD
    0x080027e0   0x080027e0   0x0000005c   Code   RO          271    i.sendInput         simonbase.o
    0x0800283c   0x0800283c   0x0000007c   Code   RO          272    i.updateLCDandBars  simonbase.o
    0x080028b8   0x080028b8   0x0000000a   Code   RO          524    x$fpl$fpinit        fz_wm.l(fpinit.o)
    0x080028c2   0x080028c2   0x00000048   Data   RO           14    .constdata          lcd.o
    0x0800290a   0x0800290a   0x00000002   PAD
    0x0800290c   0x0800290c   0x00000020   Data   RO          614    Region$$Table       anon$$obj.o


    Execution Region RW_IRAM1 (Exec base: 0x20000000, Load base: 0x0800292c, Size: 0x00000940, Max: 0x00018000, ABSOLUTE, COMPRESSED[0x00000098])

    Exec Addr    Load Addr    Size         Type   Attr      Idx    E Section Name        Object

    0x20000000   COMPRESSED   0x00000192   Data   RW          136    .data               main.o
    0x20000192   COMPRESSED   0x00000002   PAD
    0x20000194        -       0x00000064   Zero   RW          134    .bss                main.o
    0x200001f8        -       0x000000e4   Zero   RW          454    .bss                c_w.l(rand.o)
    0x200002dc        -       0x00000060   Zero   RW          543    .bss                c_w.l(libspace.o)
    0x2000033c   COMPRESSED   0x00000004   PAD
    0x20000340        -       0x00000200   Zero   RW          253    HEAP                startup_stm32l476xx.o
    0x20000540        -       0x00000400   Zero   RW          252    STACK               startup_stm32l476xx.o


==============================================================================

Image component sizes


      Code (inc. data)   RO Data    RW Data    ZI Data      Debug   Object Name

      3192        148         72          0          0     323276   lcd.o
      4344        746          0        402        100      44207   main.o
      1216        106          0          0          0      36550   simonbase.o
       132         42        392          0       1536        816   startup_stm32l476xx.o
       678        100          0          0          0       6661   wiring.o

    ----------------------------------------------------------------------
      9568       1142        498        404       1636     411510   Object Totals
         0          0         32          0          0          0   (incl. Generated)
         6          0          2          2          0          0   (incl. Padding)

    ----------------------------------------------------------------------

      Code (inc. data)   RO Data    RW Data    ZI Data      Debug   Library Member Name

        90          0          0          0          0          0   __dczerorl2.o
         8          0          0          0          0         68   __main.o
         0          0          0          0          0          0   __rtentry.o
        12          0          0          0          0          0   __rtentry2.o
         6          0          0          0          0          0   __rtentry4.o
        52          8          0          0          0          0   __scatter.o
        28          0          0          0          0          0   __scatter_zi.o
        18          0          0          0          0         80   exit.o
         6          0          0          0          0        152   heapauxi.o
         0          0          0          0          0          0   indicate_semi.o
         2          0          0          0          0          0   libinit.o
        10          0          0          0          0          0   libinit2.o
         2          0          0          0          0          0   libshutdown.o
         2          0          0          0          0          0   libshutdown2.o
         8          4          0          0         96         68   libspace.o
       112         18          0          0        228        160   rand.o
         2          0          0          0          0          0   rtexit.o
        10          0          0          0          0          0   rtexit2.o
        12          4          0          0          0         68   sys_exit.o
        74          0          0          0          0         80   sys_stackheap_outer.o
         2          0          0          0          0         68   use_no_semi.o
        10          0          0          0          0        116   fpinit.o

    ----------------------------------------------------------------------
       474         34          0          0        328        860   Library Totals
         8          0          0          0          4          0   (incl. Padding)

    ----------------------------------------------------------------------

      Code (inc. data)   RO Data    RW Data    ZI Data      Debug   Library Name

       456         34          0          0        324        744   c_w.l
        10          0          0          0          0        116   fz_wm.l

    ----------------------------------------------------------------------
       474         34          0          0        328        860   Library Totals

    ----------------------------------------------------------------------

==============================================================================


      Code (inc. data)   RO Data    RW Data    ZI Data      Debug   

     10042       1176        498        404       1964     407610   Grand Totals
     10042       1176        498        152       1964     407610   ELF Image Totals (compressed)
     10042       1176        498        152          0          0   ROM Totals

==============================================================================

    Total RO  Size (Code + RO Data)                10540 (  10.29kB)
    Total RW  Size (RW Data + ZI Data)              2368 (   2.31kB)
    Total ROM Size (Code + RO Data + RW Data)      10692 (  10.44kB)

==============================================================================

